16:13:10 **** Incremental Build of configuration Debug for project Battery_measurement ****
make -j8 all 
arm-none-eabi-gcc "../Core/Src/main.c" -mcpu=cortex-m4 -std=gnu11 -g3 -DDEBUG -DUSE_HAL_DRIVER -DSTM32F334x8 -c -I../Core/Inc -I../Drivers/STM32F3xx_HAL_Driver/Inc -I../Drivers/STM32F3xx_HAL_Driver/Inc/Legacy -I../Drivers/CMSIS/Device/ST/STM32F3xx/Include -I../Drivers/CMSIS/Include -O0 -ffunction-sections -fdata-sections -Wall -fstack-usage -fcyclomatic-complexity -MMD -MP -MF"Core/Src/main.d" -MT"Core/Src/main.o" --specs=nano.specs -mfpu=fpv4-sp-d16 -mfloat-abi=hard -mthumb -o "Core/Src/main.o"
arm-none-eabi-gcc -o "Battery_measurement.elf" @"objects.list"   -mcpu=cortex-m4 -T"E:\proffessional stuff\scaledge\Internal_Project\practiceProgramming\STM32F33\New folder\Battery_measurement\STM32F334C8TX_FLASH.ld" --specs=nosys.specs -Wl,-Map="Battery_measurement.map" -Wl,--gc-sections -static --specs=nano.specs -mfpu=fpv4-sp-d16 -mfloat-abi=hard -mthumb -Wl,--start-group -lc -lm -Wl,--end-group
Finished building target: Battery_measurement.elf
 
arm-none-eabi-size   Battery_measurement.elf 
arm-none-eabi-objdump -h -S  Battery_measurement.elf  > "Battery_measurement.list"
   text	   data	    bss	    dec	    hex	filename
  14800	     20	   1660	  16480	   4060	Battery_measurement.elf
Finished building: default.size.stdout
 
Finished building: Battery_measurement.list
 

16:13:12 Build Finished. 0 errors, 0 warnings. (took 2s.252ms)

