17:05:26 **** Incremental Build of configuration Debug for project External_Temp_Sensor_Reading ****
make -j8 all 
arm-none-eabi-gcc "../Core/Src/main.c" -mcpu=cortex-m4 -std=gnu11 -g3 -DDEBUG -DUSE_HAL_DRIVER -DSTM32F334x8 -c -I../Core/Inc -I../Drivers/STM32F3xx_HAL_Driver/Inc -I../Drivers/STM32F3xx_HAL_Driver/Inc/Legacy -I../Drivers/CMSIS/Device/ST/STM32F3xx/Include -I../Drivers/CMSIS/Include -O0 -ffunction-sections -fdata-sections -Wall -fstack-usage -fcyclomatic-complexity -MMD -MP -MF"Core/Src/main.d" -MT"Core/Src/main.o" --specs=nano.specs -mfpu=fpv4-sp-d16 -mfloat-abi=hard -mthumb -o "Core/Src/main.o"
arm-none-eabi-gcc -o "External_Temp_Sensor_Reading.elf" @"objects.list"   -mcpu=cortex-m4 -T"E:\proffessional stuff\scaledge\Internal_Project\practiceProgramming\STM32F33\New folder\External_Temp_Sensor_Reading\STM32F334C8TX_FLASH.ld" --specs=nosys.specs -Wl,-Map="External_Temp_Sensor_Reading.map" -Wl,--gc-sections -static --specs=nano.specs -mfpu=fpv4-sp-d16 -mfloat-abi=hard -mthumb -Wl,--start-group -lc -lm -Wl,--end-group
Finished building target: External_Temp_Sensor_Reading.elf
 
arm-none-eabi-size   External_Temp_Sensor_Reading.elf 
arm-none-eabi-objdump -h -S  External_Temp_Sensor_Reading.elf  > "External_Temp_Sensor_Reading.list"
   text	   data	    bss	    dec	    hex	filename
  13064	     20	   1652	  14736	   3990	External_Temp_Sensor_Reading.elf
Finished building: default.size.stdout
 
Finished building: External_Temp_Sensor_Reading.list
 

17:05:28 Build Finished. 0 errors, 0 warnings. (took 2s.386ms)

